             VMA              LMA     Size Align Out     In      Symbol
          200200           200200      26b    16 .rodata
          200200           200200       10     4         /home/ggllfr/Projects/elpytios/std/sysroot/lib/rustlib/x86_64-unknown-elpytios/lib/libstd.rlib(std.std.c9ef8936105a1a0d-cgu.0.rcgu.o):(.rodata.unlikely._RINvMs0_NtNtNtCshkTJtaUolD5_3std3sys4sync4onceNtB6_4Once4callNCINvMs0_NtNtBc_4sync4onceNtB16_4Once9call_onceNCNvNtBc_2rt7cleanup0E0EBc_)
          200210           200210       50    16         <internal>:(.rodata.cst16)
          200260           200260       ba     1         <internal>:(.rodata.str1.1)
          20031a           20031a       2a     1         /home/ggllfr/Projects/elpytios/std/sysroot/lib/rustlib/x86_64-unknown-elpytios/lib/libstd.rlib(std.std.c9ef8936105a1a0d-cgu.0.rcgu.o):(.rodata..Lanon.987848626d4f4030e0ada0d54a8db007.2)
          200344           200344       38     1         /home/ggllfr/Projects/elpytios/std/sysroot/lib/rustlib/x86_64-unknown-elpytios/lib/libstd.rlib(std.std.c9ef8936105a1a0d-cgu.0.rcgu.o):(.rodata..Lanon.987848626d4f4030e0ada0d54a8db007.3)
          20037c           20037c        f     1         /home/ggllfr/Projects/elpytios/std/sysroot/lib/rustlib/x86_64-unknown-elpytios/lib/libstd.rlib(std.std.c9ef8936105a1a0d-cgu.0.rcgu.o):(.rodata..Lanon.987848626d4f4030e0ada0d54a8db007.70)
          20038b           20038b       1c     1         /home/ggllfr/Projects/elpytios/std/sysroot/lib/rustlib/x86_64-unknown-elpytios/lib/libstd.rlib(std.std.c9ef8936105a1a0d-cgu.0.rcgu.o):(.rodata..Lanon.987848626d4f4030e0ada0d54a8db007.94)
          2003a7           2003a7       37     1         /home/ggllfr/Projects/elpytios/std/sysroot/lib/rustlib/x86_64-unknown-elpytios/lib/libstd.rlib(std.std.c9ef8936105a1a0d-cgu.0.rcgu.o):(.rodata..Lanon.987848626d4f4030e0ada0d54a8db007.230)
          2003de           2003de       26     1         /home/ggllfr/Projects/elpytios/std/sysroot/lib/rustlib/x86_64-unknown-elpytios/lib/libstd.rlib(std.std.c9ef8936105a1a0d-cgu.0.rcgu.o):(.rodata..Lanon.987848626d4f4030e0ada0d54a8db007.456)
          200404           200404       11     1         /home/ggllfr/Projects/elpytios/std/sysroot/lib/rustlib/x86_64-unknown-elpytios/lib/liballoc-b01a88c3c59af68f.rlib(alloc-b01a88c3c59af68f.alloc.5806fc765ea01475-cgu.0.rcgu.o):(.rodata..Lanon.d8a5a3123065d1cd165deed84a7012a3.26)
          200418           200418       10     4         /home/ggllfr/Projects/elpytios/std/sysroot/lib/rustlib/x86_64-unknown-elpytios/lib/libcore-c9ebf682e41f875a.rlib(core-c9ebf682e41f875a.core.e9bfed5e1e6f30f4-cgu.0.rcgu.o):(.rodata._RNvMsa_NtCsk4f8U16NtrY_4core3fmtNtB5_9Formatter3pad)
          200428           200428       2b     1         /home/ggllfr/Projects/elpytios/std/sysroot/lib/rustlib/x86_64-unknown-elpytios/lib/libcore-c9ebf682e41f875a.rlib(core-c9ebf682e41f875a.core.e9bfed5e1e6f30f4-cgu.0.rcgu.o):(.rodata..Lanon.d138c1198a8d3344bb30f2d082afee67.185)
          200453           200453       18     1         /home/ggllfr/Projects/elpytios/std/sysroot/lib/rustlib/x86_64-unknown-elpytios/lib/libcore-c9ebf682e41f875a.rlib(core-c9ebf682e41f875a.core.e9bfed5e1e6f30f4-cgu.0.rcgu.o):(.rodata..Lanon.d138c1198a8d3344bb30f2d082afee67.469)
          20046c           20046c       3c     4 .eh_frame_hdr
          20046c           20046c       3c     4         <internal>:(.eh_frame_hdr)
          2004a8           2004a8       a0     8 .eh_frame
          2004a8           2004a8       48     1         /home/ggllfr/Projects/elpytios/target/x86_64-unknown-elpytios/debug/deps/elpytios_shell-8aab49755d93f280.e4e93twqz2yf2zuvvi237q2yx.0v396ik.rcgu.o:(.eh_frame+0x0)
          2004f0           2004f0       3c     1         /home/ggllfr/Projects/elpytios/target/x86_64-unknown-elpytios/debug/deps/elpytios_shell-8aab49755d93f280.8jr48n2f44nraa5ybgwuxvnv4.0v396ik.rcgu.o:(.eh_frame+0x18)
          20052c           20052c       18     1         /home/ggllfr/Projects/elpytios/target/x86_64-unknown-elpytios/debug/deps/elpytios_shell-8aab49755d93f280.8jr48n2f44nraa5ybgwuxvnv4.0v396ik.rcgu.o:(.eh_frame+0x68)
          201550           201550     1adf    16 .text
          201550           201550        b    16         /home/ggllfr/Projects/elpytios/target/x86_64-unknown-elpytios/debug/deps/elpytios_shell-8aab49755d93f280.ah60t3ov8aulaxn153tewxyhm.0v396ik.rcgu.o:(.text._RNSNvYNCINvNtCshkTJtaUolD5_3std2rt10lang_startuE0INtNtNtCsk4f8U16NtrY_4core3ops8function6FnOnceuE9call_once6vtableCs3lSYyl0gg0z_14elpytios_shell)
          201550           201550        b     1                 <std::rt::lang_start<()>::{closure#0} as core::ops::function::FnOnce<()>>::call_once::{shim:vtable#0}
          201560           201560       18    16         /home/ggllfr/Projects/elpytios/target/x86_64-unknown-elpytios/debug/deps/elpytios_shell-8aab49755d93f280.ah60t3ov8aulaxn153tewxyhm.0v396ik.rcgu.o:(.text._RNvYNCINvNtCshkTJtaUolD5_3std2rt10lang_startuE0INtNtNtCsk4f8U16NtrY_4core3ops8function6FnOnceuE9call_onceCs3lSYyl0gg0z_14elpytios_shell)
          201560           201560       18     1                 <std::rt::lang_start<()>::{closure#0} as core::ops::function::FnOnce<()>>::call_once
          201580           201580       22    16         /home/ggllfr/Projects/elpytios/target/x86_64-unknown-elpytios/debug/deps/elpytios_shell-8aab49755d93f280.bmseizw5ql2rafrz0vsm1x4sg.0v396ik.rcgu.o:(.text._RINvNtCshkTJtaUolD5_3std2rt10lang_startuECs3lSYyl0gg0z_14elpytios_shell)
          201580           201580       22     1                 std::rt::lang_start::<()>
          2015b0           2015b0        d    16         /home/ggllfr/Projects/elpytios/target/x86_64-unknown-elpytios/debug/deps/elpytios_shell-8aab49755d93f280.bmseizw5ql2rafrz0vsm1x4sg.0v396ik.rcgu.o:(.text._RNCINvNtCshkTJtaUolD5_3std2rt10lang_startuE0Cs3lSYyl0gg0z_14elpytios_shell)
          2015b0           2015b0        d     1                 std::rt::lang_start::<()>::{closure#0}
          2015c0           2015c0        3    16         /home/ggllfr/Projects/elpytios/target/x86_64-unknown-elpytios/debug/deps/elpytios_shell-8aab49755d93f280.cnewygyl7u9buezhmn84isfh6.0v396ik.rcgu.o:(.text._RNvXsU_NtCshkTJtaUolD5_3std7processuNtB5_11Termination6reportCs3lSYyl0gg0z_14elpytios_shell)
          2015c0           2015c0        3     1                 <() as std::process::Termination>::report
          2015d0           2015d0        4    16         /home/ggllfr/Projects/elpytios/target/x86_64-unknown-elpytios/debug/deps/elpytios_shell-8aab49755d93f280.e4e93twqz2yf2zuvvi237q2yx.0v396ik.rcgu.o:(.text._RNvCs3lSYyl0gg0z_14elpytios_shell4main)
          2015d0           2015d0        4     1                 elpytios_shell::main
          2015e0           2015e0       17    16         /home/ggllfr/Projects/elpytios/target/x86_64-unknown-elpytios/debug/deps/elpytios_shell-8aab49755d93f280.e4e93twqz2yf2zuvvi237q2yx.0v396ik.rcgu.o:(.text.main)
          2015e0           2015e0       17     1                 main
          201600           201600        5    16         /home/ggllfr/Projects/elpytios/target/x86_64-unknown-elpytios/debug/deps/elpytios_shell-8aab49755d93f280.8jr48n2f44nraa5ybgwuxvnv4.0v396ik.rcgu.o:(.text._RNvCsdmzQVjkR6EO_7___rustc12___rust_alloc)
          201600           201600        5     1                 __rustc::__rust_alloc
          201610           201610        5    16         /home/ggllfr/Projects/elpytios/target/x86_64-unknown-elpytios/debug/deps/elpytios_shell-8aab49755d93f280.8jr48n2f44nraa5ybgwuxvnv4.0v396ik.rcgu.o:(.text._RNvCsdmzQVjkR6EO_7___rustc14___rust_dealloc)
          201610           201610        5     1                 __rustc::__rust_dealloc
          201620           201620        5    16         /home/ggllfr/Projects/elpytios/target/x86_64-unknown-elpytios/debug/deps/elpytios_shell-8aab49755d93f280.8jr48n2f44nraa5ybgwuxvnv4.0v396ik.rcgu.o:(.text._RNvCsdmzQVjkR6EO_7___rustc14___rust_realloc)
          201620           201620        5     1                 __rustc::__rust_realloc
          201630           201630        1    16         /home/ggllfr/Projects/elpytios/target/x86_64-unknown-elpytios/debug/deps/elpytios_shell-8aab49755d93f280.8jr48n2f44nraa5ybgwuxvnv4.0v396ik.rcgu.o:(.text._RNvCsdmzQVjkR6EO_7___rustc35___rust_no_alloc_shim_is_unstable_v2)
          201630           201630        1     1                 __rustc::__rust_no_alloc_shim_is_unstable_v2
          201640           201640        6    16         /home/ggllfr/Projects/elpytios/std/sysroot/lib/rustlib/x86_64-unknown-elpytios/lib/libpanic_abort-86f950b36b5ffb6c.rlib(panic_abort-86f950b36b5ffb6c.panic_abort.ef3aaf111243873f-cgu.0.rcgu.o):(.text._RNvCsdmzQVjkR6EO_7___rustc18___rust_start_panic)
          201640           201640        6     1                 __rustc::__rust_start_panic
          201648           201648       13     4         /home/ggllfr/Projects/elpytios/std/sysroot/lib/rustlib/x86_64-unknown-elpytios/lib/libstd.rlib(std.std.c9ef8936105a1a0d-cgu.0.rcgu.o):(.text._start)
          201648           201648       13     1                 _start
          20165b           20165b       8a     1         /home/ggllfr/Projects/elpytios/std/sysroot/lib/rustlib/x86_64-unknown-elpytios/lib/libstd.rlib(std.std.c9ef8936105a1a0d-cgu.0.rcgu.o):(.text.unlikely._RINvMNtNtCshkTJtaUolD5_3std4sync9once_lockINtB3_8OnceLockINtNtB5_14reentrant_lock13ReentrantLockINtNtCsk4f8U16NtrY_4core4cell7RefCellINtNtNtNtB7_2io8buffered10linewriter10LineWriterNtNtB2e_5stdio9StdoutRawEEEE10initializeNCINvB2_11get_or_initNCNvB2V_7cleanup0E0zEB7_)
          20165b           20165b       8a     1                 <std::sync::once_lock::OnceLock<std::sync::reentrant_lock::ReentrantLock<core::cell::RefCell<std::io::buffered::linewriter::LineWriter<std::io::stdio::StdoutRaw>>>>>::initialize::<<std::sync::once_lock::OnceLock<std::sync::reentrant_lock::ReentrantLock<core::cell::RefCell<std::io::buffered::linewriter::LineWriter<std::io::stdio::StdoutRaw>>>>>::get_or_init<std::io::stdio::cleanup::{closure#0}>::{closure#0}, !>
          2016f0           2016f0      1ee    16         /home/ggllfr/Projects/elpytios/std/sysroot/lib/rustlib/x86_64-unknown-elpytios/lib/libstd.rlib(std.std.c9ef8936105a1a0d-cgu.0.rcgu.o):(.text.unlikely._RINvMs0_NtNtNtCshkTJtaUolD5_3std3sys4sync4onceNtB6_4Once4callNCINvMs0_NtNtBc_4sync4onceNtB16_4Once9call_onceNCNvNtBc_2rt7cleanup0E0EBc_)
          2016f0           2016f0      1ee     1                 <std::sys::sync::once::Once>::call::<<std::sync::once::Once>::call_once<std::rt::cleanup::{closure#0}>::{closure#0}>
          2018e0           2018e0       1e    16         /home/ggllfr/Projects/elpytios/std/sysroot/lib/rustlib/x86_64-unknown-elpytios/lib/libstd.rlib(std.std.c9ef8936105a1a0d-cgu.0.rcgu.o):(.text._RINvNtCsk4f8U16NtrY_4core3ptr9drop_glueINtNtB4_6option6OptionINtNtCs7yzaj8xwDx9_5alloc3vec3VechEEECshkTJtaUolD5_3std)
          2018e0           2018e0       1e     1                 core::ptr::drop_glue::<core::option::Option<alloc::vec::Vec<u8>>>
          201900           201900       17    16         /home/ggllfr/Projects/elpytios/std/sysroot/lib/rustlib/x86_64-unknown-elpytios/lib/libstd.rlib(std.std.c9ef8936105a1a0d-cgu.0.rcgu.o):(.text._RINvNtCsk4f8U16NtrY_4core3ptr9drop_glueNtNtCs7yzaj8xwDx9_5alloc6string6StringECshkTJtaUolD5_3std)
          201900           201900       17     1                 core::ptr::drop_glue::<alloc::string::String>
          201920           201920       17    16         /home/ggllfr/Projects/elpytios/std/sysroot/lib/rustlib/x86_64-unknown-elpytios/lib/libstd.rlib(std.std.c9ef8936105a1a0d-cgu.0.rcgu.o):(.text._RINvNtCsk4f8U16NtrY_4core3ptr9drop_glueNtNvNtCshkTJtaUolD5_3std9panicking13panic_handler19FormatStringPayloadEBH_)
          201920           201920       17     1                 core::ptr::drop_glue::<std::panicking::panic_handler::FormatStringPayload>
          201940           201940       7d    16         /home/ggllfr/Projects/elpytios/std/sysroot/lib/rustlib/x86_64-unknown-elpytios/lib/libstd.rlib(std.std.c9ef8936105a1a0d-cgu.0.rcgu.o):(.text.unlikely._RINvNvMs2_NtCs7yzaj8xwDx9_5alloc7raw_vecINtB8_11RawVecInnerpE7reserve21do_reserve_and_handleNtNtBa_5alloc6GlobalECshkTJtaUolD5_3std)
          201940           201940       7d     1                 <alloc::raw_vec::RawVecInner<_>>::reserve::do_reserve_and_handle::<alloc::alloc::Global>
          2019c0           2019c0       27    16         /home/ggllfr/Projects/elpytios/std/sysroot/lib/rustlib/x86_64-unknown-elpytios/lib/libstd.rlib(std.std.c9ef8936105a1a0d-cgu.0.rcgu.o):(.text.unlikely._RNCNvNtCshkTJtaUolD5_3std5alloc8rust_oom0B5_)
          2019c0           2019c0       27     1                 std::alloc::rust_oom::{closure#0}
          2019f0           2019f0       71    16         /home/ggllfr/Projects/elpytios/std/sysroot/lib/rustlib/x86_64-unknown-elpytios/lib/libstd.rlib(std.std.c9ef8936105a1a0d-cgu.0.rcgu.o):(.text._RNCNvNtCshkTJtaUolD5_3std9panicking13panic_handler0B5_)
          2019f0           2019f0       71     1                 std::panicking::panic_handler::{closure#0}
          201a70           201a70        8    16         /home/ggllfr/Projects/elpytios/std/sysroot/lib/rustlib/x86_64-unknown-elpytios/lib/libstd.rlib(std.std.c9ef8936105a1a0d-cgu.0.rcgu.o):(.text.unlikely._RNvCsdmzQVjkR6EO_7___rustc10rust_panic)
          201a70           201a70        8     1                 __rustc::rust_panic
          201a80           201a80       19    16         /home/ggllfr/Projects/elpytios/std/sysroot/lib/rustlib/x86_64-unknown-elpytios/lib/libstd.rlib(std.std.c9ef8936105a1a0d-cgu.0.rcgu.o):(.text.unlikely._RNvCsdmzQVjkR6EO_7___rustc11___rdl_alloc)
          201a80           201a80       19     1                 __rustc::__rdl_alloc
          201a80           201a80       19     1                 __rustc::__rdl_alloc_zeroed
          201aa0           201aa0        2    16         /home/ggllfr/Projects/elpytios/std/sysroot/lib/rustlib/x86_64-unknown-elpytios/lib/libstd.rlib(std.std.c9ef8936105a1a0d-cgu.0.rcgu.o):(.text.unlikely._RNvCsdmzQVjkR6EO_7___rustc12___rust_abort)
          201aa0           201aa0        2     1                 __rustc::__rust_abort
          201aa0           201aa0        2     1                 __rustc::__rust_drop_panic
          201aa0           201aa0        2     1                 __rustc::__rust_foreign_exception
          201aa0           201aa0        2     1                 rust_eh_personality
          201ab0           201ab0       19    16         /home/ggllfr/Projects/elpytios/std/sysroot/lib/rustlib/x86_64-unknown-elpytios/lib/libstd.rlib(std.std.c9ef8936105a1a0d-cgu.0.rcgu.o):(.text.unlikely._RNvCsdmzQVjkR6EO_7___rustc13___rdl_dealloc)
          201ab0           201ab0       19     1                 __rustc::__rdl_dealloc
          201ad0           201ad0       19    16         /home/ggllfr/Projects/elpytios/std/sysroot/lib/rustlib/x86_64-unknown-elpytios/lib/libstd.rlib(std.std.c9ef8936105a1a0d-cgu.0.rcgu.o):(.text.unlikely._RNvCsdmzQVjkR6EO_7___rustc13___rdl_realloc)
          201ad0           201ad0       19     1                 __rustc::__rdl_realloc
          201af0           201af0       18    16         /home/ggllfr/Projects/elpytios/std/sysroot/lib/rustlib/x86_64-unknown-elpytios/lib/libstd.rlib(std.std.c9ef8936105a1a0d-cgu.0.rcgu.o):(.text._RNvCsdmzQVjkR6EO_7___rustc17rust_begin_unwind)
          201af0           201af0       18     1                 __rustc::rust_begin_unwind
          201b10           201b10        f    16         /home/ggllfr/Projects/elpytios/std/sysroot/lib/rustlib/x86_64-unknown-elpytios/lib/libstd.rlib(std.std.c9ef8936105a1a0d-cgu.0.rcgu.o):(.text.unlikely._RNvCsdmzQVjkR6EO_7___rustc26___rust_alloc_error_handler)
          201b10           201b10        f     1                 __rustc::__rust_alloc_error_handler
          201b20           201b20       ac    16         /home/ggllfr/Projects/elpytios/std/sysroot/lib/rustlib/x86_64-unknown-elpytios/lib/libstd.rlib(std.std.c9ef8936105a1a0d-cgu.0.rcgu.o):(.text.unlikely._RNvMs5_NtCs7yzaj8xwDx9_5alloc7raw_vecNtB5_11RawVecInner11finish_growCshkTJtaUolD5_3std)
          201b20           201b20       ac     1                 <alloc::raw_vec::RawVecInner>::finish_grow
          201bd0           201bd0       73    16         /home/ggllfr/Projects/elpytios/std/sysroot/lib/rustlib/x86_64-unknown-elpytios/lib/libstd.rlib(std.std.c9ef8936105a1a0d-cgu.0.rcgu.o):(.text._RNvNtCshkTJtaUolD5_3std2rt19lang_start_internal)
          201bd0           201bd0       73     1                 std::rt::lang_start_internal
          201c43           201c43        c     1         /home/ggllfr/Projects/elpytios/std/sysroot/lib/rustlib/x86_64-unknown-elpytios/lib/libstd.rlib(std.std.c9ef8936105a1a0d-cgu.0.rcgu.o):(.text._RNvNtCshkTJtaUolD5_3std5alloc24default_alloc_error_hook)
          201c43           201c43        c     1                 std::alloc::default_alloc_error_hook
          201c50           201c50       18    16         /home/ggllfr/Projects/elpytios/std/sysroot/lib/rustlib/x86_64-unknown-elpytios/lib/libstd.rlib(std.std.c9ef8936105a1a0d-cgu.0.rcgu.o):(.text.unlikely._RNvNtCshkTJtaUolD5_3std5alloc8rust_oom)
          201c50           201c50       18     1                 std::alloc::rust_oom
          201c68           201c68       e0     1         /home/ggllfr/Projects/elpytios/std/sysroot/lib/rustlib/x86_64-unknown-elpytios/lib/libstd.rlib(std.std.c9ef8936105a1a0d-cgu.0.rcgu.o):(.text._RNvNtCshkTJtaUolD5_3std9panicking15panic_with_hook)
          201c68           201c68       e0     1                 std::panicking::panic_with_hook
          201d50           201d50       2c    16         /home/ggllfr/Projects/elpytios/std/sysroot/lib/rustlib/x86_64-unknown-elpytios/lib/libstd.rlib(std.std.c9ef8936105a1a0d-cgu.0.rcgu.o):(.text._RNvNtNtCshkTJtaUolD5_3std9panicking11panic_count8increase)
          201d50           201d50       2c     1                 std::panicking::panic_count::increase
          201d80           201d80       19    16         /home/ggllfr/Projects/elpytios/std/sysroot/lib/rustlib/x86_64-unknown-elpytios/lib/libstd.rlib(std.std.c9ef8936105a1a0d-cgu.0.rcgu.o):(.text.unlikely._RNvNvMNtNtCshkTJtaUolD5_3std6thread2idNtB4_8ThreadId3new9exhausted)
          201d80           201d80       19     1                 <std::thread::id::ThreadId>::new::exhausted
          201da0           201da0        e    16         /home/ggllfr/Projects/elpytios/std/sysroot/lib/rustlib/x86_64-unknown-elpytios/lib/libstd.rlib(std.std.c9ef8936105a1a0d-cgu.0.rcgu.o):(.text._RNvXNtCsk4f8U16NtrY_4core3anyNtNtCs7yzaj8xwDx9_5alloc6string6StringNtB2_3Any7type_idCshkTJtaUolD5_3std)
          201da0           201da0        e     1                 <alloc::string::String as core::any::Any>::type_id
          201db0           201db0        e    16         /home/ggllfr/Projects/elpytios/std/sysroot/lib/rustlib/x86_64-unknown-elpytios/lib/libstd.rlib(std.std.c9ef8936105a1a0d-cgu.0.rcgu.o):(.text._RNvXNtCsk4f8U16NtrY_4core3anyReNtB2_3Any7type_idCshkTJtaUolD5_3std)
          201db0           201db0        e     1                 <&str as core::any::Any>::type_id
          201dc0           201dc0       47    16         /home/ggllfr/Projects/elpytios/std/sysroot/lib/rustlib/x86_64-unknown-elpytios/lib/libstd.rlib(std.std.c9ef8936105a1a0d-cgu.0.rcgu.o):(.text._RNvXs0_NvNtCshkTJtaUolD5_3std9panicking13panic_handlerNtB5_19FormatStringPayloadNtNtCsk4f8U16NtrY_4core3fmt7Display3fmt)
          201dc0           201dc0       47     1                 <std::panicking::panic_handler::FormatStringPayload as core::fmt::Display>::fmt
          201e10           201e10        b    16         /home/ggllfr/Projects/elpytios/std/sysroot/lib/rustlib/x86_64-unknown-elpytios/lib/libstd.rlib(std.std.c9ef8936105a1a0d-cgu.0.rcgu.o):(.text._RNvXs1_NvNtCshkTJtaUolD5_3std9panicking13panic_handlerNtB5_16StaticStrPayloadNtNtCsk4f8U16NtrY_4core5panic12PanicPayload3get)
          201e10           201e10        b     1                 <std::panicking::panic_handler::StaticStrPayload as core::panic::PanicPayload>::get
          201e20           201e20        8    16         /home/ggllfr/Projects/elpytios/std/sysroot/lib/rustlib/x86_64-unknown-elpytios/lib/libstd.rlib(std.std.c9ef8936105a1a0d-cgu.0.rcgu.o):(.text._RNvXs1_NvNtCshkTJtaUolD5_3std9panicking13panic_handlerNtB5_16StaticStrPayloadNtNtCsk4f8U16NtrY_4core5panic12PanicPayload6as_str)
          201e20           201e20        8     1                 <std::panicking::panic_handler::StaticStrPayload as core::panic::PanicPayload>::as_str
          201e30           201e30       49    16         /home/ggllfr/Projects/elpytios/std/sysroot/lib/rustlib/x86_64-unknown-elpytios/lib/libstd.rlib(std.std.c9ef8936105a1a0d-cgu.0.rcgu.o):(.text._RNvXs1_NvNtCshkTJtaUolD5_3std9panicking13panic_handlerNtB5_16StaticStrPayloadNtNtCsk4f8U16NtrY_4core5panic12PanicPayload8take_box)
          201e30           201e30       49     1                 <std::panicking::panic_handler::StaticStrPayload as core::panic::PanicPayload>::take_box
          201e80           201e80       12    16         /home/ggllfr/Projects/elpytios/std/sysroot/lib/rustlib/x86_64-unknown-elpytios/lib/libstd.rlib(std.std.c9ef8936105a1a0d-cgu.0.rcgu.o):(.text._RNvXs2_NvNtCshkTJtaUolD5_3std9panicking13panic_handlerNtB5_16StaticStrPayloadNtNtCsk4f8U16NtrY_4core3fmt7Display3fmt)
          201e80           201e80       12     1                 <std::panicking::panic_handler::StaticStrPayload as core::fmt::Display>::fmt
          201ea0           201ea0       ff    16         /home/ggllfr/Projects/elpytios/std/sysroot/lib/rustlib/x86_64-unknown-elpytios/lib/libstd.rlib(std.std.c9ef8936105a1a0d-cgu.0.rcgu.o):(.text._RNvXsZ_NtCs7yzaj8xwDx9_5alloc6stringNtB5_6StringNtNtCsk4f8U16NtrY_4core3fmt5Write10write_char)
          201ea0           201ea0       ff     1                 <alloc::string::String as core::fmt::Write>::write_char
          201fa0           201fa0       6b    16         /home/ggllfr/Projects/elpytios/std/sysroot/lib/rustlib/x86_64-unknown-elpytios/lib/libstd.rlib(std.std.c9ef8936105a1a0d-cgu.0.rcgu.o):(.text._RNvXsZ_NtCs7yzaj8xwDx9_5alloc6stringNtB5_6StringNtNtCsk4f8U16NtrY_4core3fmt5Write9write_str)
          201fa0           201fa0       6b     1                 <alloc::string::String as core::fmt::Write>::write_str
          202010           202010       e4    16         /home/ggllfr/Projects/elpytios/std/sysroot/lib/rustlib/x86_64-unknown-elpytios/lib/libstd.rlib(std.std.c9ef8936105a1a0d-cgu.0.rcgu.o):(.text._RNvXs_NvNtCshkTJtaUolD5_3std9panicking13panic_handlerNtB4_19FormatStringPayloadNtNtCsk4f8U16NtrY_4core5panic12PanicPayload3get)
          202010           202010       e4     1                 <std::panicking::panic_handler::FormatStringPayload as core::panic::PanicPayload>::get
          202100           202100      13f    16         /home/ggllfr/Projects/elpytios/std/sysroot/lib/rustlib/x86_64-unknown-elpytios/lib/libstd.rlib(std.std.c9ef8936105a1a0d-cgu.0.rcgu.o):(.text._RNvXs_NvNtCshkTJtaUolD5_3std9panicking13panic_handlerNtB4_19FormatStringPayloadNtNtCsk4f8U16NtrY_4core5panic12PanicPayload8take_box)
          202100           202100      13f     1                 <std::panicking::panic_handler::FormatStringPayload as core::panic::PanicPayload>::take_box
          202240           202240        3    16         /home/ggllfr/Projects/elpytios/std/sysroot/lib/rustlib/x86_64-unknown-elpytios/lib/libstd.rlib(std.std.c9ef8936105a1a0d-cgu.0.rcgu.o):(.text._RNvYINtNvNtCshkTJtaUolD5_3std9panicking11begin_panic7PayloadReENtNtCsk4f8U16NtrY_4core5panic12PanicPayload6as_strB9_)
          202240           202240        3     1                 <std::panicking::begin_panic::Payload<&str> as core::panic::PanicPayload>::as_str
          202250           202250       9a    16         /home/ggllfr/Projects/elpytios/std/sysroot/lib/rustlib/x86_64-unknown-elpytios/lib/libstd.rlib(std.std.c9ef8936105a1a0d-cgu.0.rcgu.o):(.text._RNvYNtNtCs7yzaj8xwDx9_5alloc6string6StringNtNtCsk4f8U16NtrY_4core3fmt5Write9write_fmtCshkTJtaUolD5_3std)
          202250           202250       9a     1                 <alloc::string::String as core::fmt::Write>::write_fmt
          2022ea           2022ea        f     1         /home/ggllfr/Projects/elpytios/std/sysroot/lib/rustlib/x86_64-unknown-elpytios/lib/liballoc-b01a88c3c59af68f.rlib(alloc-b01a88c3c59af68f.alloc.5806fc765ea01475-cgu.0.rcgu.o):(.text.unlikely._RNvNtCs7yzaj8xwDx9_5alloc5alloc18handle_alloc_error)
          2022ea           2022ea        f     1                 alloc::alloc::handle_alloc_error
          2022f9           2022f9       10     1         /home/ggllfr/Projects/elpytios/std/sysroot/lib/rustlib/x86_64-unknown-elpytios/lib/liballoc-b01a88c3c59af68f.rlib(alloc-b01a88c3c59af68f.alloc.5806fc765ea01475-cgu.0.rcgu.o):(.text.unlikely._RNvNtCs7yzaj8xwDx9_5alloc7raw_vec12handle_error)
          2022f9           2022f9       10     1                 alloc::raw_vec::handle_error
          202310           202310       19    16         /home/ggllfr/Projects/elpytios/std/sysroot/lib/rustlib/x86_64-unknown-elpytios/lib/liballoc-b01a88c3c59af68f.rlib(alloc-b01a88c3c59af68f.alloc.5806fc765ea01475-cgu.0.rcgu.o):(.text.unlikely._RNvNtCs7yzaj8xwDx9_5alloc7raw_vec17capacity_overflow)
          202310           202310       19     1                 alloc::raw_vec::capacity_overflow
          202330           202330      435    16         /home/ggllfr/Projects/elpytios/std/sysroot/lib/rustlib/x86_64-unknown-elpytios/lib/libcore-c9ebf682e41f875a.rlib(core-c9ebf682e41f875a.core.e9bfed5e1e6f30f4-cgu.0.rcgu.o):(.text._RNvMsa_NtCsk4f8U16NtrY_4core3fmtNtB5_9Formatter3pad)
          202330           202330      435     1                 <core::fmt::Formatter>::pad
          202770           202770       10    16         /home/ggllfr/Projects/elpytios/std/sysroot/lib/rustlib/x86_64-unknown-elpytios/lib/libcore-c9ebf682e41f875a.rlib(core-c9ebf682e41f875a.core.e9bfed5e1e6f30f4-cgu.0.rcgu.o):(.text._RNvMsa_NtCsk4f8U16NtrY_4core3fmtNtB5_9Formatter9write_str)
          202770           202770       10     1                 <core::fmt::Formatter>::write_str
          202770           202770       10     1                 <core::fmt::Formatter as core::fmt::Write>::write_str
          202780           202780      1a5    16         /home/ggllfr/Projects/elpytios/std/sysroot/lib/rustlib/x86_64-unknown-elpytios/lib/libcore-c9ebf682e41f875a.rlib(core-c9ebf682e41f875a.core.e9bfed5e1e6f30f4-cgu.0.rcgu.o):(.text._RNvNtCsk4f8U16NtrY_4core3fmt5write)
          202780           202780      1a5     1                 core::fmt::write
          202930           202930       2e    16         /home/ggllfr/Projects/elpytios/std/sysroot/lib/rustlib/x86_64-unknown-elpytios/lib/libcore-c9ebf682e41f875a.rlib(core-c9ebf682e41f875a.core.e9bfed5e1e6f30f4-cgu.0.rcgu.o):(.text.unlikely._RNvNtCsk4f8U16NtrY_4core4cell22panic_already_borrowed)
          202930           202930       2e     1                 core::cell::panic_already_borrowed
          202960           202960       35    16         /home/ggllfr/Projects/elpytios/std/sysroot/lib/rustlib/x86_64-unknown-elpytios/lib/libcore-c9ebf682e41f875a.rlib(core-c9ebf682e41f875a.core.e9bfed5e1e6f30f4-cgu.0.rcgu.o):(.text.unlikely._RNvNtCsk4f8U16NtrY_4core6option13expect_failed)
          202960           202960       35     1                 core::option::expect_failed
          2029a0           2029a0       15    16         /home/ggllfr/Projects/elpytios/std/sysroot/lib/rustlib/x86_64-unknown-elpytios/lib/libcore-c9ebf682e41f875a.rlib(core-c9ebf682e41f875a.core.e9bfed5e1e6f30f4-cgu.0.rcgu.o):(.text.unlikely._RNvNtCsk4f8U16NtrY_4core6option13unwrap_failed)
          2029a0           2029a0       15     1                 core::option::unwrap_failed
          2029c0           2029c0        e    16         /home/ggllfr/Projects/elpytios/std/sysroot/lib/rustlib/x86_64-unknown-elpytios/lib/libcore-c9ebf682e41f875a.rlib(core-c9ebf682e41f875a.core.e9bfed5e1e6f30f4-cgu.0.rcgu.o):(.text.unlikely._RNvNtCsk4f8U16NtrY_4core9panicking5panic)
          2029c0           2029c0        e     1                 core::panicking::panic
          2029d0           2029d0       2b    16         /home/ggllfr/Projects/elpytios/std/sysroot/lib/rustlib/x86_64-unknown-elpytios/lib/libcore-c9ebf682e41f875a.rlib(core-c9ebf682e41f875a.core.e9bfed5e1e6f30f4-cgu.0.rcgu.o):(.text.unlikely._RNvNtCsk4f8U16NtrY_4core9panicking9panic_fmt)
          2029d0           2029d0       2b     1                 core::panicking::panic_fmt
          202a00           202a00      5b8    16         /home/ggllfr/Projects/elpytios/std/sysroot/lib/rustlib/x86_64-unknown-elpytios/lib/libcore-c9ebf682e41f875a.rlib(core-c9ebf682e41f875a.core.e9bfed5e1e6f30f4-cgu.0.rcgu.o):(.text._RNvNtNtCsk4f8U16NtrY_4core3str5count14do_count_chars)
          202a00           202a00      5b8     1                 core::str::count::do_count_chars
          202fc0           202fc0       12    16         /home/ggllfr/Projects/elpytios/std/sysroot/lib/rustlib/x86_64-unknown-elpytios/lib/libcore-c9ebf682e41f875a.rlib(core-c9ebf682e41f875a.core.e9bfed5e1e6f30f4-cgu.0.rcgu.o):(.text._RNvXs1i_NtCsk4f8U16NtrY_4core3fmtReNtB6_7Display3fmtB8_)
          202fc0           202fc0       12     1                 <&str as core::fmt::Display>::fmt
          202fe0           202fe0       14    16         /home/ggllfr/Projects/elpytios/std/sysroot/lib/rustlib/x86_64-unknown-elpytios/lib/libcore-c9ebf682e41f875a.rlib(core-c9ebf682e41f875a.core.e9bfed5e1e6f30f4-cgu.0.rcgu.o):(.text._RNvXsr_NtCsk4f8U16NtrY_4core4cellNtB5_14BorrowMutErrorNtNtB7_3fmt7Display3fmt)
          202fe0           202fe0       14     1                 <core::cell::BorrowMutError as core::fmt::Display>::fmt
          203000           203000       2f    16         /home/ggllfr/Projects/elpytios/std/sysroot/lib/rustlib/x86_64-unknown-elpytios/lib/libcompiler_builtins-1ed9cc3f1b14260c.rlib(compiler_builtins-1ed9cc3f1b14260c.compiler_builtins.357f503991dfac6c-cgu.0.rcgu.o):(.text.memcpy)
          203000           203000       2f     1                 memcpy
          204030           204030      200     8 .data.rel.ro
          204030           204030       30     8         /home/ggllfr/Projects/elpytios/target/x86_64-unknown-elpytios/debug/deps/elpytios_shell-8aab49755d93f280.bmseizw5ql2rafrz0vsm1x4sg.0v396ik.rcgu.o:(.data.rel.ro..Lanon.1bee9f75fd8203ec2d58c957a5aa296c.0)
          204060           204060       18     8         /home/ggllfr/Projects/elpytios/std/sysroot/lib/rustlib/x86_64-unknown-elpytios/lib/libstd.rlib(std.std.c9ef8936105a1a0d-cgu.0.rcgu.o):(.data.rel.ro..Lanon.987848626d4f4030e0ada0d54a8db007.1)
          204078           204078       18     8         /home/ggllfr/Projects/elpytios/std/sysroot/lib/rustlib/x86_64-unknown-elpytios/lib/libstd.rlib(std.std.c9ef8936105a1a0d-cgu.0.rcgu.o):(.data.rel.ro..Lanon.987848626d4f4030e0ada0d54a8db007.45)
          204090           204090       38     8         /home/ggllfr/Projects/elpytios/std/sysroot/lib/rustlib/x86_64-unknown-elpytios/lib/libstd.rlib(std.std.c9ef8936105a1a0d-cgu.0.rcgu.o):(.data.rel.ro..Lanon.987848626d4f4030e0ada0d54a8db007.54)
          2040c8           2040c8       38     8         /home/ggllfr/Projects/elpytios/std/sysroot/lib/rustlib/x86_64-unknown-elpytios/lib/libstd.rlib(std.std.c9ef8936105a1a0d-cgu.0.rcgu.o):(.data.rel.ro..Lanon.987848626d4f4030e0ada0d54a8db007.55)
          204100           204100       30     8         /home/ggllfr/Projects/elpytios/std/sysroot/lib/rustlib/x86_64-unknown-elpytios/lib/libstd.rlib(std.std.c9ef8936105a1a0d-cgu.0.rcgu.o):(.data.rel.ro..Lanon.987848626d4f4030e0ada0d54a8db007.90)
          204130           204130       18     8         /home/ggllfr/Projects/elpytios/std/sysroot/lib/rustlib/x86_64-unknown-elpytios/lib/libstd.rlib(std.std.c9ef8936105a1a0d-cgu.0.rcgu.o):(.data.rel.ro..Lanon.987848626d4f4030e0ada0d54a8db007.96)
          204148           204148       18     8         /home/ggllfr/Projects/elpytios/std/sysroot/lib/rustlib/x86_64-unknown-elpytios/lib/libstd.rlib(std.std.c9ef8936105a1a0d-cgu.0.rcgu.o):(.data.rel.ro..Lanon.987848626d4f4030e0ada0d54a8db007.146)
          204160           204160       18     8         /home/ggllfr/Projects/elpytios/std/sysroot/lib/rustlib/x86_64-unknown-elpytios/lib/libstd.rlib(std.std.c9ef8936105a1a0d-cgu.0.rcgu.o):(.data.rel.ro..Lanon.987848626d4f4030e0ada0d54a8db007.168)
          204178           204178       18     8         /home/ggllfr/Projects/elpytios/std/sysroot/lib/rustlib/x86_64-unknown-elpytios/lib/libstd.rlib(std.std.c9ef8936105a1a0d-cgu.0.rcgu.o):(.data.rel.ro..Lanon.987848626d4f4030e0ada0d54a8db007.231)
          204190           204190       18     8         /home/ggllfr/Projects/elpytios/std/sysroot/lib/rustlib/x86_64-unknown-elpytios/lib/libstd.rlib(std.std.c9ef8936105a1a0d-cgu.0.rcgu.o):(.data.rel.ro..Lanon.987848626d4f4030e0ada0d54a8db007.239)
          2041a8           2041a8       18     8         /home/ggllfr/Projects/elpytios/std/sysroot/lib/rustlib/x86_64-unknown-elpytios/lib/libstd.rlib(std.std.c9ef8936105a1a0d-cgu.0.rcgu.o):(.data.rel.ro..Lanon.987848626d4f4030e0ada0d54a8db007.240)
          2041c0           2041c0       20     8         /home/ggllfr/Projects/elpytios/std/sysroot/lib/rustlib/x86_64-unknown-elpytios/lib/libstd.rlib(std.std.c9ef8936105a1a0d-cgu.0.rcgu.o):(.data.rel.ro..Lanon.987848626d4f4030e0ada0d54a8db007.251)
          2041e0           2041e0       20     8         /home/ggllfr/Projects/elpytios/std/sysroot/lib/rustlib/x86_64-unknown-elpytios/lib/libstd.rlib(std.std.c9ef8936105a1a0d-cgu.0.rcgu.o):(.data.rel.ro..Lanon.987848626d4f4030e0ada0d54a8db007.441)
          204200           204200       18     8         /home/ggllfr/Projects/elpytios/std/sysroot/lib/rustlib/x86_64-unknown-elpytios/lib/libstd.rlib(std.std.c9ef8936105a1a0d-cgu.0.rcgu.o):(.data.rel.ro..Lanon.987848626d4f4030e0ada0d54a8db007.457)
          204218           204218       18     8         /home/ggllfr/Projects/elpytios/std/sysroot/lib/rustlib/x86_64-unknown-elpytios/lib/liballoc-b01a88c3c59af68f.rlib(alloc-b01a88c3c59af68f.alloc.5806fc765ea01475-cgu.0.rcgu.o):(.data.rel.ro..Lanon.d8a5a3123065d1cd165deed84a7012a3.27)
          204230           204230       30     8 .got
          204230           204230       30     8         <internal>:(.got)
          204260           204260      da0     1 .relro_padding
          204260           204260        0     1         <internal>:(.relro_padding)
          205260           205260       92     8 .bss
          205260           205260        8     8         /home/ggllfr/Projects/elpytios/std/sysroot/lib/rustlib/x86_64-unknown-elpytios/lib/libstd.rlib(std.std.c9ef8936105a1a0d-cgu.0.rcgu.o):(.bss._RNvNCNvNtNtCshkTJtaUolD5_3std9panicking11panic_count17LOCAL_PANIC_COUNT023___RUST_STD_INTERNAL_VAL.0)
          205260           205260        8     1                 std::panicking::panic_count::LOCAL_PANIC_COUNT::{closure#0}::__RUST_STD_INTERNAL_VAL (.0)
          205268           205268        1     8         /home/ggllfr/Projects/elpytios/std/sysroot/lib/rustlib/x86_64-unknown-elpytios/lib/libstd.rlib(std.std.c9ef8936105a1a0d-cgu.0.rcgu.o):(.bss._RNvNCNvNtNtCshkTJtaUolD5_3std9panicking11panic_count17LOCAL_PANIC_COUNT023___RUST_STD_INTERNAL_VAL.1)
          205268           205268        1     1                 std::panicking::panic_count::LOCAL_PANIC_COUNT::{closure#0}::__RUST_STD_INTERNAL_VAL (.1)
          205270           205270        8     8         /home/ggllfr/Projects/elpytios/std/sysroot/lib/rustlib/x86_64-unknown-elpytios/lib/libstd.rlib(std.std.c9ef8936105a1a0d-cgu.0.rcgu.o):(.bss._RNvNtCshkTJtaUolD5_3std5alloc4HOOK)
          205270           205270        8     1                 std::alloc::HOOK
          205278           205278       18     8         /home/ggllfr/Projects/elpytios/std/sysroot/lib/rustlib/x86_64-unknown-elpytios/lib/libstd.rlib(std.std.c9ef8936105a1a0d-cgu.0.rcgu.o):(.bss._RNvNtCshkTJtaUolD5_3std9panicking4HOOK)
          205278           205278       18     1                 std::panicking::HOOK
          205290           205290       40     8         /home/ggllfr/Projects/elpytios/std/sysroot/lib/rustlib/x86_64-unknown-elpytios/lib/libstd.rlib(std.std.c9ef8936105a1a0d-cgu.0.rcgu.o):(.bss._RNvNtNtCshkTJtaUolD5_3std2io5stdio6STDOUT)
          205290           205290       40     1                 std::io::stdio::STDOUT
          2052d0           2052d0        8     8         /home/ggllfr/Projects/elpytios/std/sysroot/lib/rustlib/x86_64-unknown-elpytios/lib/libstd.rlib(std.std.c9ef8936105a1a0d-cgu.0.rcgu.o):(.bss._RNvNtNtCshkTJtaUolD5_3std6thread11main_thread4MAIN.0)
          2052d0           2052d0        8     1                 std::thread::main_thread::MAIN (.0)
          2052d8           2052d8        8     8         /home/ggllfr/Projects/elpytios/std/sysroot/lib/rustlib/x86_64-unknown-elpytios/lib/libstd.rlib(std.std.c9ef8936105a1a0d-cgu.0.rcgu.o):(.bss._RNvNtNtCshkTJtaUolD5_3std9panicking11panic_count18GLOBAL_PANIC_COUNT)
          2052d8           2052d8        8     1                 std::panicking::panic_count::GLOBAL_PANIC_COUNT
          2052e0           2052e0        8     8         /home/ggllfr/Projects/elpytios/std/sysroot/lib/rustlib/x86_64-unknown-elpytios/lib/libstd.rlib(std.std.c9ef8936105a1a0d-cgu.0.rcgu.o):(.bss._RNvNtNtNtCshkTJtaUolD5_3std6thread7current2id2ID)
          2052e0           2052e0        8     1                 std::thread::current::id::ID
          2052e8           2052e8        8     8         /home/ggllfr/Projects/elpytios/std/sysroot/lib/rustlib/x86_64-unknown-elpytios/lib/libstd.rlib(std.std.c9ef8936105a1a0d-cgu.0.rcgu.o):(.bss._RNvNvMNtNtCshkTJtaUolD5_3std6thread2idNtB4_8ThreadId3new7COUNTER)
          2052e8           2052e8        8     1                 <std::thread::id::ThreadId>::new::COUNTER
          2052f0           2052f0        1     1         /home/ggllfr/Projects/elpytios/std/sysroot/lib/rustlib/x86_64-unknown-elpytios/lib/libstd.rlib(std.std.c9ef8936105a1a0d-cgu.0.rcgu.o):(.bss._RNvNvNtCshkTJtaUolD5_3std2rt7cleanup7CLEANUP.0)
          2052f0           2052f0        1     1                 std::rt::cleanup::CLEANUP (.0)
          2052f1           2052f1        1     1         /home/ggllfr/Projects/elpytios/std/sysroot/lib/rustlib/x86_64-unknown-elpytios/lib/libstd.rlib(std.std.c9ef8936105a1a0d-cgu.0.rcgu.o):(.bss._RNvNvNtCshkTJtaUolD5_3std5alloc24default_alloc_error_hook18PREV_ALLOC_FAILURE)
          2052f1           2052f1        1     1                 std::alloc::default_alloc_error_hook::PREV_ALLOC_FAILURE
               0                0       97     1 .debug_abbrev
               0                0       14     1         /home/ggllfr/Projects/elpytios/target/x86_64-unknown-elpytios/debug/deps/elpytios_shell-8aab49755d93f280.ah60t3ov8aulaxn153tewxyhm.0v396ik.rcgu.o:(.debug_abbrev)
              14               14       5b     1         /home/ggllfr/Projects/elpytios/target/x86_64-unknown-elpytios/debug/deps/elpytios_shell-8aab49755d93f280.bmseizw5ql2rafrz0vsm1x4sg.0v396ik.rcgu.o:(.debug_abbrev)
              6f               6f       14     1         /home/ggllfr/Projects/elpytios/target/x86_64-unknown-elpytios/debug/deps/elpytios_shell-8aab49755d93f280.cnewygyl7u9buezhmn84isfh6.0v396ik.rcgu.o:(.debug_abbrev)
              83               83       14     1         /home/ggllfr/Projects/elpytios/target/x86_64-unknown-elpytios/debug/deps/elpytios_shell-8aab49755d93f280.e4e93twqz2yf2zuvvi237q2yx.0v396ik.rcgu.o:(.debug_abbrev)
               0                0      140     1 .debug_info
               0                0       2a     1         /home/ggllfr/Projects/elpytios/target/x86_64-unknown-elpytios/debug/deps/elpytios_shell-8aab49755d93f280.ah60t3ov8aulaxn153tewxyhm.0v396ik.rcgu.o:(.debug_info)
              2a               2a       c2     1         /home/ggllfr/Projects/elpytios/target/x86_64-unknown-elpytios/debug/deps/elpytios_shell-8aab49755d93f280.bmseizw5ql2rafrz0vsm1x4sg.0v396ik.rcgu.o:(.debug_info)
              ec               ec       2a     1         /home/ggllfr/Projects/elpytios/target/x86_64-unknown-elpytios/debug/deps/elpytios_shell-8aab49755d93f280.cnewygyl7u9buezhmn84isfh6.0v396ik.rcgu.o:(.debug_info)
             116              116       2a     1         /home/ggllfr/Projects/elpytios/target/x86_64-unknown-elpytios/debug/deps/elpytios_shell-8aab49755d93f280.e4e93twqz2yf2zuvvi237q2yx.0v396ik.rcgu.o:(.debug_info)
               0                0       e0     1 .debug_aranges
               0                0       40     1         /home/ggllfr/Projects/elpytios/target/x86_64-unknown-elpytios/debug/deps/elpytios_shell-8aab49755d93f280.ah60t3ov8aulaxn153tewxyhm.0v396ik.rcgu.o:(.debug_aranges)
              40               40       40     1         /home/ggllfr/Projects/elpytios/target/x86_64-unknown-elpytios/debug/deps/elpytios_shell-8aab49755d93f280.bmseizw5ql2rafrz0vsm1x4sg.0v396ik.rcgu.o:(.debug_aranges)
              80               80       30     1         /home/ggllfr/Projects/elpytios/target/x86_64-unknown-elpytios/debug/deps/elpytios_shell-8aab49755d93f280.cnewygyl7u9buezhmn84isfh6.0v396ik.rcgu.o:(.debug_aranges)
              b0               b0       30     1         /home/ggllfr/Projects/elpytios/target/x86_64-unknown-elpytios/debug/deps/elpytios_shell-8aab49755d93f280.e4e93twqz2yf2zuvvi237q2yx.0v396ik.rcgu.o:(.debug_aranges)
               0                0       60     1 .debug_ranges
               0                0       30     1         /home/ggllfr/Projects/elpytios/target/x86_64-unknown-elpytios/debug/deps/elpytios_shell-8aab49755d93f280.ah60t3ov8aulaxn153tewxyhm.0v396ik.rcgu.o:(.debug_ranges)
              30               30       30     1         /home/ggllfr/Projects/elpytios/target/x86_64-unknown-elpytios/debug/deps/elpytios_shell-8aab49755d93f280.bmseizw5ql2rafrz0vsm1x4sg.0v396ik.rcgu.o:(.debug_ranges)
               0                0      193     1 .debug_str
               0                0      193     1         <internal>:(.debug_str)
               0                0       93     1 .comment
               0                0       93     1         <internal>:(.comment)
               0                0       e0     8 .debug_frame
               0                0       58     8         /home/ggllfr/Projects/elpytios/target/x86_64-unknown-elpytios/debug/deps/elpytios_shell-8aab49755d93f280.ah60t3ov8aulaxn153tewxyhm.0v396ik.rcgu.o:(.debug_frame)
              58               58       58     8         /home/ggllfr/Projects/elpytios/target/x86_64-unknown-elpytios/debug/deps/elpytios_shell-8aab49755d93f280.bmseizw5ql2rafrz0vsm1x4sg.0v396ik.rcgu.o:(.debug_frame)
              b0               b0       30     8         /home/ggllfr/Projects/elpytios/target/x86_64-unknown-elpytios/debug/deps/elpytios_shell-8aab49755d93f280.cnewygyl7u9buezhmn84isfh6.0v396ik.rcgu.o:(.debug_frame)
               0                0      23e     1 .debug_line
               0                0       7d     1         /home/ggllfr/Projects/elpytios/target/x86_64-unknown-elpytios/debug/deps/elpytios_shell-8aab49755d93f280.ah60t3ov8aulaxn153tewxyhm.0v396ik.rcgu.o:(.debug_line)
              7d               7d      12a     1         /home/ggllfr/Projects/elpytios/target/x86_64-unknown-elpytios/debug/deps/elpytios_shell-8aab49755d93f280.bmseizw5ql2rafrz0vsm1x4sg.0v396ik.rcgu.o:(.debug_line)
             1a7              1a7       4b     1         /home/ggllfr/Projects/elpytios/target/x86_64-unknown-elpytios/debug/deps/elpytios_shell-8aab49755d93f280.cnewygyl7u9buezhmn84isfh6.0v396ik.rcgu.o:(.debug_line)
             1f2              1f2       4c     1         /home/ggllfr/Projects/elpytios/target/x86_64-unknown-elpytios/debug/deps/elpytios_shell-8aab49755d93f280.e4e93twqz2yf2zuvvi237q2yx.0v396ik.rcgu.o:(.debug_line)
               0                0      888     8 .symtab
               0                0      888     8         <internal>:(.symtab)
               0                0       cb     1 .shstrtab
               0                0       cb     1         <internal>:(.shstrtab)
               0                0     176c     1 .strtab
               0                0     176c     1         <internal>:(.strtab)
